// Jest Snapshot v1, https://goo.gl/fbAQLP

exports[`expect to render StripChekcOut: 1 1`] = `ShallowWrapper {}`;
